[0.146s] DEBUG:colcon:Command line arguments: ['/usr/bin/colcon', 'build']
[0.146s] DEBUG:colcon:Parsed command line arguments: Namespace(log_base=None, log_level=None, verb_name='build', build_base='build', install_base='install', merge_install=False, symlink_install=False, test_result_base=None, continue_on_error=False, executor='parallel', parallel_workers=4, event_handlers=None, ignore_user_meta=False, metas=['./colcon.meta'], base_paths=['.'], packages_ignore=None, packages_ignore_regex=None, paths=None, packages_up_to=None, packages_up_to_regex=None, packages_above=None, packages_above_and_dependencies=None, packages_above_depth=None, packages_select_by_dep=None, packages_skip_by_dep=None, packages_skip_up_to=None, packages_select_build_failed=False, packages_skip_build_finished=False, packages_select_test_failures=False, packages_skip_test_passed=False, packages_select=None, packages_skip=None, packages_select_regex=None, packages_skip_regex=None, packages_start=None, packages_end=None, allow_overriding=[], cmake_args=None, cmake_target=None, cmake_target_skip_unavailable=False, cmake_clean_cache=False, cmake_clean_first=False, cmake_force_configure=False, ament_cmake_args=None, catkin_cmake_args=None, catkin_skip_building_tests=False, mixin_files=None, mixin=None, verb_parser=<colcon_mixin.mixin.mixin_argument.MixinArgumentDecorator object at 0xffffb9b286e0>, verb_extension=<colcon_core.verb.build.BuildVerb object at 0xffffb9ddfe90>, main=<bound method BuildVerb.main of <colcon_core.verb.build.BuildVerb object at 0xffffb9ddfe90>>, mixin_verb=('build',))
[0.202s] Level 1:colcon.colcon_core.package_discovery:discover_packages(colcon_meta) check parameters
[0.202s] Level 1:colcon.colcon_core.package_discovery:discover_packages(recursive) check parameters
[0.202s] Level 1:colcon.colcon_core.package_discovery:discover_packages(ignore) check parameters
[0.202s] Level 1:colcon.colcon_core.package_discovery:discover_packages(path) check parameters
[0.202s] Level 1:colcon.colcon_core.package_discovery:discover_packages(colcon_meta) discover
[0.202s] Level 1:colcon.colcon_core.package_discovery:discover_packages(recursive) discover
[0.202s] INFO:colcon.colcon_core.package_discovery:Crawling recursively for packages in '/home/cooperfarms/POULTRY_IN_MOTION/PIM_WS'
[0.202s] Level 1:colcon.colcon_core.package_identification:_identify(.) by extensions ['ignore', 'ignore_ament_install']
[0.202s] Level 1:colcon.colcon_core.package_identification:_identify(.) by extension 'ignore'
[0.203s] Level 1:colcon.colcon_core.package_identification:_identify(.) by extension 'ignore_ament_install'
[0.203s] Level 1:colcon.colcon_core.package_identification:_identify(.) by extensions ['colcon_pkg']
[0.203s] Level 1:colcon.colcon_core.package_identification:_identify(.) by extension 'colcon_pkg'
[0.203s] Level 1:colcon.colcon_core.package_identification:_identify(.) by extensions ['colcon_meta']
[0.203s] Level 1:colcon.colcon_core.package_identification:_identify(.) by extension 'colcon_meta'
[0.203s] Level 1:colcon.colcon_core.package_identification:_identify(.) by extensions ['ros']
[0.203s] Level 1:colcon.colcon_core.package_identification:_identify(.) by extension 'ros'
[0.241s] Level 1:colcon.colcon_core.package_identification:_identify(.) by extensions ['cmake', 'python']
[0.241s] Level 1:colcon.colcon_core.package_identification:_identify(.) by extension 'cmake'
[0.241s] Level 1:colcon.colcon_core.package_identification:_identify(.) by extension 'python'
[0.241s] Level 1:colcon.colcon_core.package_identification:_identify(.) by extensions ['python_setup_py']
[0.241s] Level 1:colcon.colcon_core.package_identification:_identify(.) by extension 'python_setup_py'
[0.241s] Level 1:colcon.colcon_core.package_identification:_identify(build) by extensions ['ignore', 'ignore_ament_install']
[0.241s] Level 1:colcon.colcon_core.package_identification:_identify(build) by extension 'ignore'
[0.241s] Level 1:colcon.colcon_core.package_identification:_identify(build) ignored
[0.242s] Level 1:colcon.colcon_core.package_identification:_identify(install) by extensions ['ignore', 'ignore_ament_install']
[0.242s] Level 1:colcon.colcon_core.package_identification:_identify(install) by extension 'ignore'
[0.242s] Level 1:colcon.colcon_core.package_identification:_identify(install) ignored
[0.242s] Level 1:colcon.colcon_core.package_identification:_identify(log) by extensions ['ignore', 'ignore_ament_install']
[0.242s] Level 1:colcon.colcon_core.package_identification:_identify(log) by extension 'ignore'
[0.242s] Level 1:colcon.colcon_core.package_identification:_identify(log) ignored
[0.242s] Level 1:colcon.colcon_core.package_identification:_identify(src) by extensions ['ignore', 'ignore_ament_install']
[0.242s] Level 1:colcon.colcon_core.package_identification:_identify(src) by extension 'ignore'
[0.242s] Level 1:colcon.colcon_core.package_identification:_identify(src) by extension 'ignore_ament_install'
[0.242s] Level 1:colcon.colcon_core.package_identification:_identify(src) by extensions ['colcon_pkg']
[0.242s] Level 1:colcon.colcon_core.package_identification:_identify(src) by extension 'colcon_pkg'
[0.242s] Level 1:colcon.colcon_core.package_identification:_identify(src) by extensions ['colcon_meta']
[0.242s] Level 1:colcon.colcon_core.package_identification:_identify(src) by extension 'colcon_meta'
[0.242s] Level 1:colcon.colcon_core.package_identification:_identify(src) by extensions ['ros']
[0.243s] Level 1:colcon.colcon_core.package_identification:_identify(src) by extension 'ros'
[0.243s] Level 1:colcon.colcon_core.package_identification:_identify(src) by extensions ['cmake', 'python']
[0.243s] Level 1:colcon.colcon_core.package_identification:_identify(src) by extension 'cmake'
[0.243s] Level 1:colcon.colcon_core.package_identification:_identify(src) by extension 'python'
[0.243s] Level 1:colcon.colcon_core.package_identification:_identify(src) by extensions ['python_setup_py']
[0.243s] Level 1:colcon.colcon_core.package_identification:_identify(src) by extension 'python_setup_py'
[0.243s] Level 1:colcon.colcon_core.package_identification:_identify(src/SCD41) by extensions ['ignore', 'ignore_ament_install']
[0.243s] Level 1:colcon.colcon_core.package_identification:_identify(src/SCD41) by extension 'ignore'
[0.243s] Level 1:colcon.colcon_core.package_identification:_identify(src/SCD41) by extension 'ignore_ament_install'
[0.243s] Level 1:colcon.colcon_core.package_identification:_identify(src/SCD41) by extensions ['colcon_pkg']
[0.243s] Level 1:colcon.colcon_core.package_identification:_identify(src/SCD41) by extension 'colcon_pkg'
[0.243s] Level 1:colcon.colcon_core.package_identification:_identify(src/SCD41) by extensions ['colcon_meta']
[0.243s] Level 1:colcon.colcon_core.package_identification:_identify(src/SCD41) by extension 'colcon_meta'
[0.243s] Level 1:colcon.colcon_core.package_identification:_identify(src/SCD41) by extensions ['ros']
[0.243s] Level 1:colcon.colcon_core.package_identification:_identify(src/SCD41) by extension 'ros'
[0.246s] DEBUG:colcon.colcon_core.package_identification:Package 'src/SCD41' with type 'ros.ament_python' and name 'SCD41'
[0.247s] Level 1:colcon.colcon_core.package_discovery:discover_packages(recursive) using defaults
[0.247s] Level 1:colcon.colcon_core.package_discovery:discover_packages(ignore) discover
[0.247s] Level 1:colcon.colcon_core.package_discovery:discover_packages(ignore) using defaults
[0.247s] Level 1:colcon.colcon_core.package_discovery:discover_packages(path) discover
[0.247s] Level 1:colcon.colcon_core.package_discovery:discover_packages(path) using defaults
[0.279s] Level 1:colcon.colcon_core.package_discovery:discover_packages(prefix_path) check parameters
[0.280s] Level 1:colcon.colcon_core.package_discovery:discover_packages(prefix_path) discover
[0.281s] DEBUG:colcon.colcon_installed_package_information.package_discovery:Found 1 installed packages in /home/cooperfarms/POULTRY_IN_MOTION/PIM_WS/install
[0.283s] DEBUG:colcon.colcon_installed_package_information.package_discovery:Found 286 installed packages in /opt/ros/jazzy
[0.286s] Level 1:colcon.colcon_core.package_discovery:discover_packages(prefix_path) using defaults
[0.345s] Level 5:colcon.colcon_core.verb:set package 'SCD41' build argument 'cmake_args' from command line to 'None'
[0.345s] Level 5:colcon.colcon_core.verb:set package 'SCD41' build argument 'cmake_target' from command line to 'None'
[0.345s] Level 5:colcon.colcon_core.verb:set package 'SCD41' build argument 'cmake_target_skip_unavailable' from command line to 'False'
[0.345s] Level 5:colcon.colcon_core.verb:set package 'SCD41' build argument 'cmake_clean_cache' from command line to 'False'
[0.345s] Level 5:colcon.colcon_core.verb:set package 'SCD41' build argument 'cmake_clean_first' from command line to 'False'
[0.345s] Level 5:colcon.colcon_core.verb:set package 'SCD41' build argument 'cmake_force_configure' from command line to 'False'
[0.345s] Level 5:colcon.colcon_core.verb:set package 'SCD41' build argument 'ament_cmake_args' from command line to 'None'
[0.345s] Level 5:colcon.colcon_core.verb:set package 'SCD41' build argument 'catkin_cmake_args' from command line to 'None'
[0.345s] Level 5:colcon.colcon_core.verb:set package 'SCD41' build argument 'catkin_skip_building_tests' from command line to 'False'
[0.345s] DEBUG:colcon.colcon_core.verb:Building package 'SCD41' with the following arguments: {'ament_cmake_args': None, 'build_base': '/home/cooperfarms/POULTRY_IN_MOTION/PIM_WS/build/SCD41', 'catkin_cmake_args': None, 'catkin_skip_building_tests': False, 'cmake_args': None, 'cmake_clean_cache': False, 'cmake_clean_first': False, 'cmake_force_configure': False, 'cmake_target': None, 'cmake_target_skip_unavailable': False, 'install_base': '/home/cooperfarms/POULTRY_IN_MOTION/PIM_WS/install/SCD41', 'merge_install': False, 'path': '/home/cooperfarms/POULTRY_IN_MOTION/PIM_WS/src/SCD41', 'symlink_install': False, 'test_result_base': None}
[0.345s] INFO:colcon.colcon_core.executor:Executing jobs using 'parallel' executor
[0.347s] DEBUG:colcon.colcon_parallel_executor.executor.parallel:run_until_complete
[0.348s] INFO:colcon.colcon_ros.task.ament_python.build:Building ROS package in '/home/cooperfarms/POULTRY_IN_MOTION/PIM_WS/src/SCD41' with build type 'ament_python'
[0.349s] Level 1:colcon.colcon_core.shell:create_environment_hook('SCD41', 'ament_prefix_path')
[0.358s] INFO:colcon.colcon_core.plugin_system:Skipping extension 'colcon_core.shell.bat': Not used on non-Windows systems
[0.358s] INFO:colcon.colcon_core.shell:Creating environment hook '/home/cooperfarms/POULTRY_IN_MOTION/PIM_WS/install/SCD41/share/SCD41/hook/ament_prefix_path.ps1'
[0.363s] INFO:colcon.colcon_core.shell:Creating environment descriptor '/home/cooperfarms/POULTRY_IN_MOTION/PIM_WS/install/SCD41/share/SCD41/hook/ament_prefix_path.dsv'
[0.366s] INFO:colcon.colcon_core.shell:Creating environment hook '/home/cooperfarms/POULTRY_IN_MOTION/PIM_WS/install/SCD41/share/SCD41/hook/ament_prefix_path.sh'
[0.371s] INFO:colcon.colcon_core.shell:Skip shell extension 'powershell' for command environment: Not usable outside of PowerShell
[0.371s] DEBUG:colcon.colcon_core.shell:Skip shell extension 'dsv' for command environment
[0.734s] INFO:colcon.colcon_core.task.python.build:Building Python package in '/home/cooperfarms/POULTRY_IN_MOTION/PIM_WS/src/SCD41'
[0.735s] INFO:colcon.colcon_core.shell:Skip shell extension 'powershell' for command environment: Not usable outside of PowerShell
[0.735s] DEBUG:colcon.colcon_core.shell:Skip shell extension 'dsv' for command environment
[1.695s] DEBUG:colcon.colcon_core.event_handler.log_command:Invoking command in '/home/cooperfarms/POULTRY_IN_MOTION/PIM_WS/src/SCD41': DEBUGINFOD_URLS=https://debuginfod.ubuntu.com PYTHONPATH=/home/cooperfarms/POULTRY_IN_MOTION/PIM_WS/build/SCD41/prefix_override:/usr/lib/python3/dist-packages/colcon_core/task/python/colcon_distutils_commands:/home/cooperfarms/POULTRY_IN_MOTION/PIM_WS/install/SCD41/lib/python3.12/site-packages:${PYTHONPATH} /usr/bin/python3 -W ignore:setup.py install is deprecated -W ignore:easy_install command is deprecated setup.py egg_info --egg-base ../../build/SCD41 build --build-base /home/cooperfarms/POULTRY_IN_MOTION/PIM_WS/build/SCD41/build install --record /home/cooperfarms/POULTRY_IN_MOTION/PIM_WS/build/SCD41/install.log --single-version-externally-managed install_data
[2.552s] DEBUG:colcon.colcon_core.event_handler.log_command:Invoked command in '/home/cooperfarms/POULTRY_IN_MOTION/PIM_WS/src/SCD41' returned '0': DEBUGINFOD_URLS=https://debuginfod.ubuntu.com PYTHONPATH=/home/cooperfarms/POULTRY_IN_MOTION/PIM_WS/build/SCD41/prefix_override:/usr/lib/python3/dist-packages/colcon_core/task/python/colcon_distutils_commands:/home/cooperfarms/POULTRY_IN_MOTION/PIM_WS/install/SCD41/lib/python3.12/site-packages:${PYTHONPATH} /usr/bin/python3 -W ignore:setup.py install is deprecated -W ignore:easy_install command is deprecated setup.py egg_info --egg-base ../../build/SCD41 build --build-base /home/cooperfarms/POULTRY_IN_MOTION/PIM_WS/build/SCD41/build install --record /home/cooperfarms/POULTRY_IN_MOTION/PIM_WS/build/SCD41/install.log --single-version-externally-managed install_data
[2.561s] Level 1:colcon.colcon_core.environment:checking '/home/cooperfarms/POULTRY_IN_MOTION/PIM_WS/install/SCD41' for CMake module files
[2.562s] Level 1:colcon.colcon_core.environment:checking '/home/cooperfarms/POULTRY_IN_MOTION/PIM_WS/install/SCD41' for CMake config files
[2.564s] Level 1:colcon.colcon_core.environment:checking '/home/cooperfarms/POULTRY_IN_MOTION/PIM_WS/install/SCD41/lib'
[2.564s] Level 1:colcon.colcon_core.environment:checking '/home/cooperfarms/POULTRY_IN_MOTION/PIM_WS/install/SCD41/bin'
[2.564s] Level 1:colcon.colcon_core.environment:checking '/home/cooperfarms/POULTRY_IN_MOTION/PIM_WS/install/SCD41/lib/pkgconfig/SCD41.pc'
[2.565s] Level 1:colcon.colcon_core.environment:checking '/home/cooperfarms/POULTRY_IN_MOTION/PIM_WS/install/SCD41/lib/python3.12/site-packages'
[2.565s] Level 1:colcon.colcon_core.shell:create_environment_hook('SCD41', 'pythonpath')
[2.566s] INFO:colcon.colcon_core.shell:Creating environment hook '/home/cooperfarms/POULTRY_IN_MOTION/PIM_WS/install/SCD41/share/SCD41/hook/pythonpath.ps1'
[2.571s] INFO:colcon.colcon_core.shell:Creating environment descriptor '/home/cooperfarms/POULTRY_IN_MOTION/PIM_WS/install/SCD41/share/SCD41/hook/pythonpath.dsv'
[2.574s] INFO:colcon.colcon_core.shell:Creating environment hook '/home/cooperfarms/POULTRY_IN_MOTION/PIM_WS/install/SCD41/share/SCD41/hook/pythonpath.sh'
[2.577s] Level 1:colcon.colcon_core.environment:checking '/home/cooperfarms/POULTRY_IN_MOTION/PIM_WS/install/SCD41/bin'
[2.578s] Level 1:colcon.colcon_core.environment:create_environment_scripts_only(SCD41)
[2.578s] INFO:colcon.colcon_core.shell:Creating package script '/home/cooperfarms/POULTRY_IN_MOTION/PIM_WS/install/SCD41/share/SCD41/package.ps1'
[2.580s] INFO:colcon.colcon_core.shell:Creating package descriptor '/home/cooperfarms/POULTRY_IN_MOTION/PIM_WS/install/SCD41/share/SCD41/package.dsv'
[2.581s] INFO:colcon.colcon_core.shell:Creating package script '/home/cooperfarms/POULTRY_IN_MOTION/PIM_WS/install/SCD41/share/SCD41/package.sh'
[2.581s] INFO:colcon.colcon_core.shell:Creating package script '/home/cooperfarms/POULTRY_IN_MOTION/PIM_WS/install/SCD41/share/SCD41/package.bash'
[2.583s] INFO:colcon.colcon_core.shell:Creating package script '/home/cooperfarms/POULTRY_IN_MOTION/PIM_WS/install/SCD41/share/SCD41/package.zsh'
[2.583s] Level 1:colcon.colcon_core.environment:create_file_with_runtime_dependencies(/home/cooperfarms/POULTRY_IN_MOTION/PIM_WS/install/SCD41/share/colcon-core/packages/SCD41)
[2.584s] DEBUG:colcon.colcon_parallel_executor.executor.parallel:closing loop
[2.584s] DEBUG:colcon.colcon_parallel_executor.executor.parallel:loop closed
[2.584s] DEBUG:colcon.colcon_parallel_executor.executor.parallel:run_until_complete finished with '0'
[2.584s] DEBUG:colcon.colcon_core.event_reactor:joining thread
[2.592s] INFO:colcon.colcon_core.plugin_system:Skipping extension 'colcon_notification.desktop_notification.terminal_notifier': Not used on non-Darwin systems
[2.592s] INFO:colcon.colcon_core.plugin_system:Skipping extension 'colcon_notification.desktop_notification.win32': Not used on non-Windows systems
[2.592s] INFO:colcon.colcon_notification.desktop_notification:Sending desktop notification using 'notify2'
[2.622s] DEBUG:colcon.colcon_core.event_reactor:joined thread
[2.623s] INFO:colcon.colcon_core.shell:Creating prefix script '/home/cooperfarms/POULTRY_IN_MOTION/PIM_WS/install/local_setup.ps1'
[2.627s] INFO:colcon.colcon_core.shell:Creating prefix util module '/home/cooperfarms/POULTRY_IN_MOTION/PIM_WS/install/_local_setup_util_ps1.py'
[2.629s] INFO:colcon.colcon_core.shell:Creating prefix chain script '/home/cooperfarms/POULTRY_IN_MOTION/PIM_WS/install/setup.ps1'
[2.631s] INFO:colcon.colcon_core.shell:Creating prefix script '/home/cooperfarms/POULTRY_IN_MOTION/PIM_WS/install/local_setup.sh'
[2.631s] INFO:colcon.colcon_core.shell:Creating prefix util module '/home/cooperfarms/POULTRY_IN_MOTION/PIM_WS/install/_local_setup_util_sh.py'
[2.632s] INFO:colcon.colcon_core.shell:Creating prefix chain script '/home/cooperfarms/POULTRY_IN_MOTION/PIM_WS/install/setup.sh'
[2.634s] INFO:colcon.colcon_core.shell:Creating prefix script '/home/cooperfarms/POULTRY_IN_MOTION/PIM_WS/install/local_setup.bash'
[2.635s] INFO:colcon.colcon_core.shell:Creating prefix chain script '/home/cooperfarms/POULTRY_IN_MOTION/PIM_WS/install/setup.bash'
[2.637s] INFO:colcon.colcon_core.shell:Creating prefix script '/home/cooperfarms/POULTRY_IN_MOTION/PIM_WS/install/local_setup.zsh'
[2.638s] INFO:colcon.colcon_core.shell:Creating prefix chain script '/home/cooperfarms/POULTRY_IN_MOTION/PIM_WS/install/setup.zsh'
