[1.692s] Invoking command in '/home/cooperfarms/POULTRY_IN_MOTION/PIM_WS/src/SCD41': DEBUGINFOD_URLS=https://debuginfod.ubuntu.com PYTHONPATH=/home/cooperfarms/POULTRY_IN_MOTION/PIM_WS/build/SCD41/prefix_override:/usr/lib/python3/dist-packages/colcon_core/task/python/colcon_distutils_commands:/home/cooperfarms/POULTRY_IN_MOTION/PIM_WS/install/SCD41/lib/python3.12/site-packages:${PYTHONPATH} /usr/bin/python3 -W ignore:setup.py install is deprecated -W ignore:easy_install command is deprecated setup.py egg_info --egg-base ../../build/SCD41 build --build-base /home/cooperfarms/POULTRY_IN_MOTION/PIM_WS/build/SCD41/build install --record /home/cooperfarms/POULTRY_IN_MOTION/PIM_WS/build/SCD41/install.log --single-version-externally-managed install_data
[2.098s] running egg_info
[2.098s] creating ../../build/SCD41/SCD41.egg-info
[2.132s] writing ../../build/SCD41/SCD41.egg-info/PKG-INFO
[2.133s] writing dependency_links to ../../build/SCD41/SCD41.egg-info/dependency_links.txt
[2.133s] writing requirements to ../../build/SCD41/SCD41.egg-info/requires.txt
[2.133s] writing top-level names to ../../build/SCD41/SCD41.egg-info/top_level.txt
[2.133s] writing manifest file '../../build/SCD41/SCD41.egg-info/SOURCES.txt'
[2.186s] reading manifest file '../../build/SCD41/SCD41.egg-info/SOURCES.txt'
[2.186s] adding license file 'LICENSE'
[2.187s] writing manifest file '../../build/SCD41/SCD41.egg-info/SOURCES.txt'
[2.187s] running build
[2.187s] running build_py
[2.187s] creating /home/cooperfarms/POULTRY_IN_MOTION/PIM_WS/build/SCD41/build
[2.187s] creating /home/cooperfarms/POULTRY_IN_MOTION/PIM_WS/build/SCD41/build/lib
[2.188s] creating /home/cooperfarms/POULTRY_IN_MOTION/PIM_WS/build/SCD41/build/lib/SCD41
[2.188s] copying SCD41/__init__.py -> /home/cooperfarms/POULTRY_IN_MOTION/PIM_WS/build/SCD41/build/lib/SCD41
[2.188s] running install
[2.198s] running install_lib
[2.232s] creating /home/cooperfarms/POULTRY_IN_MOTION/PIM_WS/install/SCD41/lib/python3.12/site-packages/SCD41
[2.232s] copying /home/cooperfarms/POULTRY_IN_MOTION/PIM_WS/build/SCD41/build/lib/SCD41/__init__.py -> /home/cooperfarms/POULTRY_IN_MOTION/PIM_WS/install/SCD41/lib/python3.12/site-packages/SCD41
[2.233s] byte-compiling /home/cooperfarms/POULTRY_IN_MOTION/PIM_WS/install/SCD41/lib/python3.12/site-packages/SCD41/__init__.py to __init__.cpython-312.pyc
[2.234s] running install_data
[2.234s] creating /home/cooperfarms/POULTRY_IN_MOTION/PIM_WS/install/SCD41/share/ament_index
[2.234s] creating /home/cooperfarms/POULTRY_IN_MOTION/PIM_WS/install/SCD41/share/ament_index/resource_index
[2.234s] creating /home/cooperfarms/POULTRY_IN_MOTION/PIM_WS/install/SCD41/share/ament_index/resource_index/packages
[2.234s] copying resource/SCD41 -> /home/cooperfarms/POULTRY_IN_MOTION/PIM_WS/install/SCD41/share/ament_index/resource_index/packages
[2.234s] copying package.xml -> /home/cooperfarms/POULTRY_IN_MOTION/PIM_WS/install/SCD41/share/SCD41
[2.234s] running install_egg_info
[2.263s] Copying ../../build/SCD41/SCD41.egg-info to /home/cooperfarms/POULTRY_IN_MOTION/PIM_WS/install/SCD41/lib/python3.12/site-packages/SCD41-0.0.0-py3.12.egg-info
[2.264s] running install_scripts
[2.467s] writing list of installed files to '/home/cooperfarms/POULTRY_IN_MOTION/PIM_WS/build/SCD41/install.log'
[2.567s] Invoked command in '/home/cooperfarms/POULTRY_IN_MOTION/PIM_WS/src/SCD41' returned '0': DEBUGINFOD_URLS=https://debuginfod.ubuntu.com PYTHONPATH=/home/cooperfarms/POULTRY_IN_MOTION/PIM_WS/build/SCD41/prefix_override:/usr/lib/python3/dist-packages/colcon_core/task/python/colcon_distutils_commands:/home/cooperfarms/POULTRY_IN_MOTION/PIM_WS/install/SCD41/lib/python3.12/site-packages:${PYTHONPATH} /usr/bin/python3 -W ignore:setup.py install is deprecated -W ignore:easy_install command is deprecated setup.py egg_info --egg-base ../../build/SCD41 build --build-base /home/cooperfarms/POULTRY_IN_MOTION/PIM_WS/build/SCD41/build install --record /home/cooperfarms/POULTRY_IN_MOTION/PIM_WS/build/SCD41/install.log --single-version-externally-managed install_data
